../MLAB_Drives/Src/MAP_LCD.c:27:6:LCD_BL_on	8	static
../MLAB_Drives/Src/MAP_LCD.c:32:6:LCD_BL_off	8	static
../MLAB_Drives/Src/MAP_LCD.c:38:6:LCD_Check_ID	16	static
../MLAB_Drives/Src/MAP_LCD.c:50:6:LCD_init	8	static
../MLAB_Drives/Src/MAP_LCD.c:195:6:LCD_SetPos	16	static
../MLAB_Drives/Src/MAP_LCD.c:206:6:LCD_Clear	24	static
../MLAB_Drives/Src/MAP_LCD.c:221:6:LCD_Draw_Point	16	static
../MLAB_Drives/Src/MAP_LCD.c:247:6:LCD_Draw_Line	40	static
../MLAB_Drives/Src/MAP_LCD.c:283:6:LCD_Draw_Circle	56	static
../MLAB_Drives/Src/MAP_LCD.c:293:6:LCD_Draw_Filled_Circle	40	static
../MLAB_Drives/Src/MAP_LCD.c:306:6:LCD_Draw_Char	48	static
../MLAB_Drives/Src/MAP_LCD.c:332:6:LCD_Draw_Str	48	static
../MLAB_Drives/Src/MAP_LCD.c:355:6:LCD_printf	160	static
../MLAB_Drives/Src/MAP_LCD.c:428:6:LCD_font_set	16	static
../MLAB_Drives/Src/MAP_LCD.c:436:6:LCD_Draw_Rectangle	32	static
../MLAB_Drives/Src/MAP_LCD.c:444:6:LCD_Block_Clear	32	static
