../Core/Src/main.c:94:6:HAL_UART_RxCpltCallback	16	static
../Core/Src/main.c:108:5:_write	24	static
../Core/Src/main.c:114:6:wait_anykey	8	static
../Core/Src/main.c:127:6:LCD_Draw_Filled_Semicircle	32	static
../Core/Src/main.c:140:6:draw_taeguk	32	static
../Core/Src/main.c:167:5:main	8	static
../Core/Src/main.c:243:6:SystemClock_Config	96	static
../Core/Src/main.c:290:13:MX_ADC3_Init	24	static
../Core/Src/main.c:337:13:MX_TIM3_Init	32	static
../Core/Src/main.c:382:13:MX_TIM5_Init	32	static
../Core/Src/main.c:427:13:MX_USART1_UART_Init	8	static
../Core/Src/main.c:460:13:MX_GPIO_Init	56	static
../Core/Src/main.c:548:13:MX_FSMC_Init	40	static
../Core/Src/main.c:606:6:ech_back	8	static
../Core/Src/main.c:615:6:basic_calculator	48	static
../Core/Src/main.c:689:6:Error_Handler	4	static,ignoring_inline_asm
