../Core/Src/stm32f1xx_hal_msp.c:64:6:HAL_MspInit	24	static
../Core/Src/stm32f1xx_hal_msp.c:90:6:HAL_ADC_MspInit	40	static
../Core/Src/stm32f1xx_hal_msp.c:125:6:HAL_ADC_MspDeInit	16	static
../Core/Src/stm32f1xx_hal_msp.c:155:6:HAL_TIM_Base_MspInit	24	static
../Core/Src/stm32f1xx_hal_msp.c:191:6:HAL_TIM_Base_MspDeInit	16	static
../Core/Src/stm32f1xx_hal_msp.c:227:6:HAL_UART_MspInit	40	static
../Core/Src/stm32f1xx_hal_msp.c:269:6:HAL_UART_MspDeInit	16	static
../Core/Src/stm32f1xx_hal_msp.c:296:13:HAL_FSMC_MspInit	32	static
../Core/Src/stm32f1xx_hal_msp.c:355:6:HAL_SRAM_MspInit	16	static
../Core/Src/stm32f1xx_hal_msp.c:367:13:HAL_FSMC_MspDeInit	8	static
../Core/Src/stm32f1xx_hal_msp.c:415:6:HAL_SRAM_MspDeInit	16	static
